clade_name,NCBI_tax_id,file5_all,file4_all,file3_all,file2_all,file1_all
k__Bacteria,2,100.0,100.0,100.0,100.0,100.0
